
draw_rect, solid, colour 1, x 3..28 y 2..9
   +----------------------------------------------------------------+
 0 |                                                                |
 1 |                                                                |
 2 |   ..........................                                   |
 3 |   ..........................                                   |
 4 |   ..........................                                   |
 5 |   ..........................                                   |
 6 |   ..........................                                   |
 7 |   ..........................                                   |
 8 |   ..........................                                   |
 9 |   ..........................                                   |
10 |                                                                |
11 |                                                                |
12 |                                                                |
13 |                                                                |
14 |                                                                |
15 |                                                                |
16 |                                                                |
17 |                                                                |
18 |                                                                |
19 |                                                                |
20 |                                                                |
21 |                                                                |
22 |                                                                |
23 |                                                                |
   +----------------------------------------------------------------+

draw_rect, solid, colour 5, same rectangle
   +----------------------------------------------------------------+
 0 |                                                                |
 1 |                                                                |
 2 |   ++++++++++++++++++++++++++                                   |
 3 |   ++++++++++++++++++++++++++                                   |
 4 |   ++++++++++++++++++++++++++                                   |
 5 |   ++++++++++++++++++++++++++                                   |
 6 |   ++++++++++++++++++++++++++                                   |
 7 |   ++++++++++++++++++++++++++                                   |
 8 |   ++++++++++++++++++++++++++                                   |
 9 |   ++++++++++++++++++++++++++                                   |
10 |                                                                |
11 |                                                                |
12 |                                                                |
13 |                                                                |
14 |                                                                |
15 |                                                                |
16 |                                                                |
17 |                                                                |
18 |                                                                |
19 |                                                                |
20 |                                                                |
21 |                                                                |
22 |                                                                |
23 |                                                                |
   +----------------------------------------------------------------+

draw_rect, x 5..60, crossing word boundaries
   +----------------------------------------------------------------+
 0 |                                                                |
 1 |     ........................................................   |
 2 |     ........................................................   |
 3 |     ........................................................   |
 4 |                                                                |
 5 |                                                                |
 6 |                                                                |
 7 |                                                                |
 8 |                                                                |
 9 |                                                                |
10 |                                                                |
11 |                                                                |
12 |                                                                |
13 |                                                                |
14 |                                                                |
15 |                                                                |
16 |                                                                |
17 |                                                                |
18 |                                                                |
19 |                                                                |
20 |                                                                |
21 |                                                                |
22 |                                                                |
23 |                                                                |
   +----------------------------------------------------------------+

polyline, a triangle
   +----------------------------------------------------------------+
 0 |                                                                |
 1 |                                                                |
 2 |  ........                                                      |
 3 |   ..     ..............                                        |
 4 |     .                  ...............                         |
 5 |      ..                               ..............           |
 6 |        .                                            ........   |
 7 |         ..                                              ..     |
 8 |           .                                           ..       |
 9 |            ..                                       ..         |
10 |              .                                    ..           |
11 |               .                                 ..             |
12 |                ..                             ..               |
13 |                  .                          ..                 |
14 |                   ..                      ..                   |
15 |                     .                   ..                     |
16 |                      ..               ..                       |
17 |                        .            ..                         |
18 |                         ..        ..                           |
19 |                           .     ..                             |
20 |                            .. ..                               |
21 |                              .                                 |
22 |                                                                |
23 |                                                                |
   +----------------------------------------------------------------+

objc_draw, an object tree from EmuTOS's AES object library
   +----------------------------------------------------------------+
 0 |                                                               M|
 1 | MMMMMMMMMMMMMMMMMMMMMMMMMMMMMMMMMMMMMMMMMMMMMMMMMMMMMMMMMMMM  M|
 2 | MMMMMMMMMMMMMMMMMMMMMMMMMMMMMMMMMMMMMMMMMMMMMMMMMMMMMMMMMMMM  M|
 3 | MM                                                        MM  M|
 4 | MM   MMMMM  MMMMMM MM   MM                                MM  M|
 5 | MM  MM      MM     MMM MMM                                MM  M|
 6 | MM  MM      MM     MMMMMMM                                MM  M|
 7 | MM  MM MMM  MMMMM  MM M MM                                MM  M|
 8 | MM  MM  MM  MM     MM   MM                                MM  M|
 9 | MM  MM  MM  MM     MM   MM                                MM  M|
10 | MM   MMMMM  MMMMMM MM   MM       MMMMMMMMMMMMMMMMMMMMMM   MM  M|
11 | MM                               M    MMMM   MM  MM   M   MM  M|
12 | MM                               M   MM  MM  MM MM    M   MM  M|
13 | MM                               M   MM  MM  MMMM     M   MM  M|
14 | MM                               M   MM  MM  MMM      M   MM  M|
15 | MM                               M   MM  MM  MMMM     M   MM  M|
16 | MM                               M   MM  MM  MM MM    M   MM  M|
17 | MM                               M    MMMM   MM  MM   M   MM  M|
18 | MM                               M                    M   MM  M|
19 | MMMMMMMMMMMMMMMMMMMMMMMMMMMMMMMMMM                    MMMMMM  M|
20 | MMMMMMMMMMMMMMMMMMMMMMMMMMMMMMMMMMMMMMMMMMMMMMMMMMMMMMMMMMMM  M|
21 |                                                               M|
22 |                                                               M|
23 |MMMMMMMMMMMMMMMMMMMMMMMMMMMMMMMMMMMMMMMMMMMMMMMMMMMMMMMMMMMMMMMM|
   +----------------------------------------------------------------+

v_gtext, the system font
   +----------------------------------------------------------------+
 0 |                                                                |
 1 |                                                                |
 2 |                                                                |
 3 |                                                                |
 4 |                                                                |
 5 |                                                                |
 6 |                                                                |
 7 |                                                                |
 8 |                                                                |
 9 |                                                                |
10 |                                                                |
11 |                                        ..                      |
12 |                                       ....                     |
13 |                                      ..  ..                    |
14 |                                     ..    ..                   |
15 |                                     ...  ...                   |
16 |                                       .  .                     |
17 |                                       .  .                     |
18 |                                       ....                     |
19 |                                                                |
20 |                                                                |
21 |                                                                |
22 |                                                                |
23 |                                                                |
   +----------------------------------------------------------------+

v_gtext, thickened above and skewed below
   +----------------------------------------------------------------+
 0 |                                                                |
 1 |                                                                |
 2 |                                                                |
 3 |                                                                |
 4 |                                                                |
 5 |                                                                |
 6 |                                                                |
 7 |                                                                |
 8 |                                                                |
 9 |                                                                |
10 |                                                                |
11 |                                           .                    |
12 |                                         ...                    |
13 |                                        ..  .                   |
14 |                                      ..    .                   |
15 |                                      ...  ..                   |
16 |                                       .  .                     |
17 |                                       .  .                     |
18 |                                      ....                      |
19 |                                                                |
20 |                                                                |
21 |                                                                |
22 |                                                                |
23 |                                                                |
   +----------------------------------------------------------------+

v_gtext, lightened, which screens the glyph with a mask
   +----------------------------------------------------------------+
 0 |                                                                |
 1 |                                                                |
 2 |                                                                |
 3 |                                                                |
 4 |                                                                |
 5 |                                                                |
 6 |                                                                |
 7 |                                                                |
 8 |                                                                |
 9 |                                                                |
10 |                                                                |
11 |                                         .                      |
12 |                                        . .                     |
13 |                                       .   .                    |
14 |                                      .     .                   |
15 |                                     . .   .                    |
16 |                                          .                     |
17 |                                       .                        |
18 |                                        . .                     |
19 |                                                                |
20 |                                                                |
21 |                                                                |
22 |                                                                |
23 |                                                                |
   +----------------------------------------------------------------+
