
draw_rect, solid, colour 1, x 3..28 y 2..9
   +----------------------------------------------------------------+
 0 |                                                                |
 1 |                                                                |
 2 |   ..........................                                   |
 3 |   ..........................                                   |
 4 |   ..........................                                   |
 5 |   ..........................                                   |
 6 |   ..........................                                   |
 7 |   ..........................                                   |
 8 |   ..........................                                   |
 9 |   ..........................                                   |
10 |                                                                |
11 |                                                                |
12 |                                                                |
13 |                                                                |
14 |                                                                |
15 |                                                                |
16 |                                                                |
17 |                                                                |
18 |                                                                |
19 |                                                                |
20 |                                                                |
21 |                                                                |
22 |                                                                |
23 |                                                                |
   +----------------------------------------------------------------+

draw_rect, solid, colour 5, same rectangle
   +----------------------------------------------------------------+
 0 |                                                                |
 1 |                                                                |
 2 |   ++++++++++++++++++++++++++                                   |
 3 |   ++++++++++++++++++++++++++                                   |
 4 |   ++++++++++++++++++++++++++                                   |
 5 |   ++++++++++++++++++++++++++                                   |
 6 |   ++++++++++++++++++++++++++                                   |
 7 |   ++++++++++++++++++++++++++                                   |
 8 |   ++++++++++++++++++++++++++                                   |
 9 |   ++++++++++++++++++++++++++                                   |
10 |                                                                |
11 |                                                                |
12 |                                                                |
13 |                                                                |
14 |                                                                |
15 |                                                                |
16 |                                                                |
17 |                                                                |
18 |                                                                |
19 |                                                                |
20 |                                                                |
21 |                                                                |
22 |                                                                |
23 |                                                                |
   +----------------------------------------------------------------+

draw_rect, x 5..60, crossing word boundaries
   +----------------------------------------------------------------+
 0 |                                                                |
 1 |     ........................................................   |
 2 |     ........................................................   |
 3 |     ........................................................   |
 4 |                                                                |
 5 |                                                                |
 6 |                                                                |
 7 |                                                                |
 8 |                                                                |
 9 |                                                                |
10 |                                                                |
11 |                                                                |
12 |                                                                |
13 |                                                                |
14 |                                                                |
15 |                                                                |
16 |                                                                |
17 |                                                                |
18 |                                                                |
19 |                                                                |
20 |                                                                |
21 |                                                                |
22 |                                                                |
23 |                                                                |
   +----------------------------------------------------------------+

polyline, a triangle
   +----------------------------------------------------------------+
 0 |                                                                |
 1 |                                                                |
 2 |  ........                                                      |
 3 |   ..     ..............                                        |
 4 |     .                  ...............                         |
 5 |      ..                               ..............           |
 6 |        .                                            ........   |
 7 |         ..                                              ..     |
 8 |           .                                           ..       |
 9 |            ..                                       ..         |
10 |              .                                    ..           |
11 |               .                                 ..             |
12 |                ..                             ..               |
13 |                  .                          ..                 |
14 |                   ..                      ..                   |
15 |                     .                   ..                     |
16 |                      ..               ..                       |
17 |                        .            ..                         |
18 |                         ..        ..                           |
19 |                           .     ..                             |
20 |                            .. ..                               |
21 |                              .                                 |
22 |                                                                |
23 |                                                                |
   +----------------------------------------------------------------+
